2026-06-10 23:21:08,425 INFO app.services.ingestion_service: run 5: pipeline started (source_file=documents_5.jsonl, status=queued)
2026-06-10 23:21:08,426 ERROR app.processing.raw_load_worker: run 5: line 17 skipped (broken_stub): broken stub record
2026-06-10 23:21:08,426 ERROR app.processing.raw_load_worker: run 5: line 20 skipped (empty): expected a non-empty JSON object
2026-06-10 23:21:08,427 ERROR app.processing.raw_load_worker: run 5: line 31 skipped (empty): expected a non-empty JSON object
2026-06-10 23:21:08,427 ERROR app.processing.raw_load_worker: run 5: line 64 skipped (broken_stub): broken stub record
2026-06-10 23:21:08,428 ERROR app.processing.raw_load_worker: run 5: line 82 skipped (broken_stub): broken stub record
2026-06-10 23:21:08,428 ERROR app.processing.raw_load_worker: run 5: line 83 skipped (not_object): expected a JSON object, got list
2026-06-10 23:21:08,428 ERROR app.processing.raw_load_worker: run 5: line 102 skipped (broken_stub): broken stub record
2026-06-10 23:21:08,428 ERROR app.processing.raw_load_worker: run 5: line 111 skipped (broken_stub): broken stub record
2026-06-10 23:21:08,428 ERROR app.processing.raw_load_worker: run 5: line 113 skipped (broken_stub): broken stub record
2026-06-10 23:21:08,429 ERROR app.processing.raw_load_worker: run 5: line 149 skipped (broken_stub): broken stub record
2026-06-10 23:21:08,429 ERROR app.processing.raw_load_worker: run 5: line 151 skipped (empty): expected a non-empty JSON object
2026-06-10 23:21:08,429 ERROR app.processing.raw_load_worker: run 5: line 164 skipped (not_object): expected a JSON object, got list
2026-06-10 23:21:08,429 ERROR app.processing.raw_load_worker: run 5: line 181 skipped (broken_stub): broken stub record
2026-06-10 23:21:08,429 ERROR app.processing.raw_load_worker: run 5: line 192 skipped (empty): expected a non-empty JSON object
2026-06-10 23:21:08,430 ERROR app.processing.raw_load_worker: run 5: line 193 skipped (broken_stub): broken stub record
2026-06-10 23:21:08,430 ERROR app.processing.raw_load_worker: run 5: line 197 skipped (empty): expected a non-empty JSON object
2026-06-10 23:21:08,430 ERROR app.processing.raw_load_worker: run 5: line 213 skipped (broken_stub): broken stub record
2026-06-10 23:21:08,430 ERROR app.processing.raw_load_worker: run 5: line 222 skipped (broken_stub): broken stub record
2026-06-10 23:21:08,430 ERROR app.processing.raw_load_worker: run 5: line 248 skipped (broken_stub): broken stub record
2026-06-10 23:21:08,431 ERROR app.processing.raw_load_worker: run 5: line 252 skipped (broken_stub): broken stub record
2026-06-10 23:21:08,431 ERROR app.processing.raw_load_worker: run 5: line 255 skipped (empty): expected a non-empty JSON object
2026-06-10 23:21:08,431 ERROR app.processing.raw_load_worker: run 5: line 259 skipped (broken_stub): broken stub record
2026-06-10 23:21:08,431 ERROR app.processing.raw_load_worker: run 5: line 276 skipped (broken_stub): broken stub record
2026-06-10 23:21:08,431 ERROR app.processing.raw_load_worker: run 5: line 292 skipped (empty): expected a non-empty JSON object
2026-06-10 23:21:08,432 ERROR app.processing.raw_load_worker: run 5: line 309 skipped (broken_stub): broken stub record
2026-06-10 23:21:08,432 ERROR app.processing.raw_load_worker: run 5: line 313 skipped (broken_stub): broken stub record
2026-06-10 23:21:08,432 ERROR app.processing.raw_load_worker: run 5: line 336 skipped (broken_stub): broken stub record
2026-06-10 23:21:08,433 ERROR app.processing.raw_load_worker: run 5: line 371 skipped (broken_stub): broken stub record
2026-06-10 23:21:08,433 ERROR app.processing.raw_load_worker: run 5: line 375 skipped (empty): expected a non-empty JSON object
2026-06-10 23:21:08,433 ERROR app.processing.raw_load_worker: run 5: line 379 skipped (empty): expected a non-empty JSON object
2026-06-10 23:21:08,433 ERROR app.processing.raw_load_worker: run 5: line 406 skipped (broken_stub): broken stub record
2026-06-10 23:21:08,433 ERROR app.processing.raw_load_worker: run 5: line 410 skipped (not_object): expected a JSON object, got list
2026-06-10 23:21:08,433 ERROR app.processing.raw_load_worker: run 5: line 415 skipped (empty): expected a non-empty JSON object
2026-06-10 23:21:08,434 ERROR app.processing.raw_load_worker: run 5: line 436 skipped (empty): expected a non-empty JSON object
2026-06-10 23:21:08,434 ERROR app.processing.raw_load_worker: run 5: line 447 skipped (broken_stub): broken stub record
2026-06-10 23:21:08,435 ERROR app.processing.raw_load_worker: run 5: line 453 skipped (broken_stub): broken stub record
2026-06-10 23:21:08,435 ERROR app.processing.raw_load_worker: run 5: line 466 skipped (broken_stub): broken stub record
2026-06-10 23:21:08,435 ERROR app.processing.raw_load_worker: run 5: line 482 skipped (empty): expected a non-empty JSON object
2026-06-10 23:21:08,459 INFO app.processing.raw_load_worker: run 5: stage 0 complete - total_lines=500 raw_loaded=462 skipped=38
2026-06-10 23:21:08,466 WARNING app.processing.normalize_worker: raw_document 9875 (external_id=doc-000003): published_at: could not parse date: 'invalid-date'
2026-06-10 23:21:08,466 WARNING app.processing.normalize_worker: raw_document 9877 (external_id=None): published_at: could not parse date: '2023-13-45'; tags: tags list contained non-string elements, which were dropped
2026-06-10 23:21:08,466 WARNING app.processing.normalize_worker: raw_document 9880 (external_id=None): word_count: could not parse integer: 'lots'
2026-06-10 23:21:08,466 WARNING app.processing.normalize_worker: raw_document 9881 (external_id=doc-000009): status: unrecognized status: ''
2026-06-10 23:21:08,466 WARNING app.processing.normalize_worker: raw_document 9882 (external_id=doc-000010): status: unrecognized status: ''
2026-06-10 23:21:08,467 WARNING app.processing.normalize_worker: raw_document 9884 (external_id=doc-000012): status: unrecognized status: ''
2026-06-10 23:21:08,467 WARNING app.processing.normalize_worker: raw_document 9888 (external_id=doc-000017): word_count: could not parse integer: 'lots'
2026-06-10 23:21:08,467 WARNING app.processing.normalize_worker: raw_document 9889 (external_id=doc-000018): published_at: could not parse date: '2023-13-45'
2026-06-10 23:21:08,468 WARNING app.processing.normalize_worker: raw_document 9899 (external_id=doc-000029): published_at: could not parse date: 'invalid-date'; tags: tags list contained non-string elements, which were dropped
2026-06-10 23:21:08,469 WARNING app.processing.normalize_worker: raw_document 9900 (external_id=doc-000031): status: unrecognized status: ''
2026-06-10 23:21:08,469 WARNING app.processing.normalize_worker: raw_document 9901 (external_id=doc-000032): published_at: could not parse date: '2023-13-45'; status: unrecognized status: ''
2026-06-10 23:21:08,469 WARNING app.processing.normalize_worker: raw_document 9904 (external_id=doc-000035): published_at: could not parse date: 'invalid-date'; status: unrecognized status: ''
2026-06-10 23:21:08,470 WARNING app.processing.normalize_worker: raw_document 9905 (external_id=doc-000036): status: unrecognized status: ''
2026-06-10 23:21:08,470 WARNING app.processing.normalize_worker: raw_document 9911 (external_id=doc-000042): citation_count: could not parse integer: 'many'
2026-06-10 23:21:08,470 WARNING app.processing.normalize_worker: raw_document 9912 (external_id=None): updated_at: could not parse date: 'invalid-date'
2026-06-10 23:21:08,471 WARNING app.processing.normalize_worker: raw_document 9915 (external_id=doc-000046): status: unrecognized status: ''; tags: tags list contained non-string elements, which were dropped
2026-06-10 23:21:08,471 WARNING app.processing.normalize_worker: raw_document 9916 (external_id=None): published_at: could not parse date: 'invalid-date'; relevance_score: could not parse float: 'high'
2026-06-10 23:21:08,471 WARNING app.processing.normalize_worker: raw_document 9918 (external_id=doc-000049): citation_count: could not parse integer: 'many'
2026-06-10 23:21:08,472 WARNING app.processing.normalize_worker: raw_document 9920 (external_id=doc-000051): tags: unexpected type for tags: int: 123
2026-06-10 23:21:08,472 WARNING app.processing.normalize_worker: raw_document 9923 (external_id=doc-000054): status: unrecognized status: ''
2026-06-10 23:21:08,472 WARNING app.processing.normalize_worker: raw_document 9924 (external_id=doc-000055): relevance_score: could not parse float: 'high'
2026-06-10 23:21:08,472 WARNING app.processing.normalize_worker: raw_document 9925 (external_id=doc-000056): status: unrecognized status: ''
2026-06-10 23:21:08,473 WARNING app.processing.normalize_worker: raw_document 9926 (external_id=doc-000057): status: unrecognized status: ''
2026-06-10 23:21:08,473 WARNING app.processing.normalize_worker: raw_document 9927 (external_id=doc-000058): updated_at: could not parse date: '2023-13-45'; status: unrecognized status: ''
2026-06-10 23:21:08,473 WARNING app.processing.normalize_worker: raw_document 9931 (external_id=doc-000062): published_at: could not parse date: '2023-13-45'
2026-06-10 23:21:08,473 WARNING app.processing.normalize_worker: raw_document 9933 (external_id=doc-000065): status: unrecognized status: ''
2026-06-10 23:21:08,474 WARNING app.processing.normalize_worker: raw_document 9937 (external_id=None): citation_count: could not parse integer: 'many'
2026-06-10 23:21:08,474 WARNING app.processing.normalize_worker: raw_document 9945 (external_id=doc-000077): updated_at: could not parse date: 'invalid-date'
2026-06-10 23:21:08,475 WARNING app.processing.normalize_worker: raw_document 9949 (external_id=None): status: unrecognized status: ''; tags: unexpected type for tags: int: 123
2026-06-10 23:21:08,475 WARNING app.processing.normalize_worker: raw_document 9953 (external_id=doc-000087): status: unrecognized status: ''
2026-06-10 23:21:08,476 WARNING app.processing.normalize_worker: raw_document 9958 (external_id=doc-000092): published_at: could not parse date: 'invalid-date'
2026-06-10 23:21:08,476 WARNING app.processing.normalize_worker: raw_document 9960 (external_id=doc-000094): updated_at: could not parse date: '2023-13-45'; citation_count: could not parse integer: 'many'; word_count: could not parse integer: 'lots'
2026-06-10 23:21:08,476 WARNING app.processing.normalize_worker: raw_document 9962 (external_id=None): citation_count: could not parse integer: 'many'; tags: unexpected type for tags: int: 123
2026-06-10 23:21:08,477 WARNING app.processing.normalize_worker: raw_document 9963 (external_id=doc-000097): status: unrecognized status: ''
2026-06-10 23:21:08,477 WARNING app.processing.normalize_worker: raw_document 9966 (external_id=doc-000100): published_at: could not parse date: '2023-13-45'
2026-06-10 23:21:08,478 WARNING app.processing.normalize_worker: raw_document 9974 (external_id=doc-000109): status: unrecognized status: ''
2026-06-10 23:21:08,478 WARNING app.processing.normalize_worker: raw_document 9975 (external_id=None): published_at: could not parse date: 'invalid-date'; relevance_score: could not parse float: 'high'
2026-06-10 23:21:08,479 WARNING app.processing.normalize_worker: raw_document 9981 (external_id=doc-000118): status: unrecognized status: ''
2026-06-10 23:21:08,479 WARNING app.processing.normalize_worker: raw_document 9984 (external_id=doc-000121): tags: unexpected type for tags: int: 123
2026-06-10 23:21:08,479 WARNING app.processing.normalize_worker: raw_document 9986 (external_id=doc-000123): tags: unexpected type for tags: int: 123
2026-06-10 23:21:08,479 WARNING app.processing.normalize_worker: raw_document 9987 (external_id=doc-000124): published_at: could not parse date: '2023-13-45'; citation_count: could not parse integer: 'many'; word_count: could not parse integer: 'lots'
2026-06-10 23:21:08,480 WARNING app.processing.normalize_worker: raw_document 9990 (external_id=doc-000127): word_count: could not parse integer: 'lots'
2026-06-10 23:21:08,480 WARNING app.processing.normalize_worker: raw_document 9994 (external_id=doc-000131): updated_at: could not parse date: '2023-13-45'; status: unrecognized status: ''
2026-06-10 23:21:08,480 WARNING app.processing.normalize_worker: raw_document 9995 (external_id=doc-000132): citation_count: could not parse integer: 'many'; relevance_score: could not parse float: 'high'; tags: tags list contained non-string elements, which were dropped
2026-06-10 23:21:08,480 WARNING app.processing.normalize_worker: raw_document 9997 (external_id=doc-000134): published_at: could not parse date: '2023-13-45'; status: unrecognized status: ''
2026-06-10 23:21:08,481 WARNING app.processing.normalize_worker: raw_document 9998 (external_id=doc-000135): tags: tags list contained non-string elements, which were dropped
2026-06-10 23:21:08,481 WARNING app.processing.normalize_worker: raw_document 10002 (external_id=doc-000139): citation_count: could not parse integer: 'many'
2026-06-10 23:21:08,481 WARNING app.processing.normalize_worker: raw_document 10008 (external_id=doc-000145): relevance_score: could not parse float: 'high'
2026-06-10 23:21:08,481 WARNING app.processing.normalize_worker: raw_document 10009 (external_id=doc-000146): status: unrecognized status: ''
2026-06-10 23:21:08,482 WARNING app.processing.normalize_worker: raw_document 10010 (external_id=doc-000147): word_count: could not parse integer: 'lots'
2026-06-10 23:21:08,482 WARNING app.processing.normalize_worker: raw_document 10014 (external_id=doc-000153): word_count: could not parse integer: 'lots'
2026-06-10 23:21:08,482 WARNING app.processing.normalize_worker: raw_document 10016 (external_id=doc-000155): citation_count: could not parse integer: 'many'
2026-06-10 23:21:08,482 WARNING app.processing.normalize_worker: raw_document 10019 (external_id=doc-000158): citation_count: could not parse integer: 'many'
2026-06-10 23:21:08,483 WARNING app.processing.normalize_worker: raw_document 10021 (external_id=doc-000160): status: unrecognized status: ''; word_count: could not parse integer: 'lots'
2026-06-10 23:21:08,483 WARNING app.processing.normalize_worker: raw_document 10028 (external_id=doc-000168): published_at: could not parse date: '2023-13-45'; relevance_score: could not parse float: 'high'
2026-06-10 23:21:08,484 WARNING app.processing.normalize_worker: raw_document 10031 (external_id=doc-000171): published_at: could not parse date: 'invalid-date'; tags: tags list contained non-string elements, which were dropped
2026-06-10 23:21:08,484 WARNING app.processing.normalize_worker: raw_document 10033 (external_id=doc-000173): updated_at: could not parse date: 'invalid-date'
2026-06-10 23:21:08,484 WARNING app.processing.normalize_worker: raw_document 10035 (external_id=doc-000175): updated_at: could not parse date: '2023-13-45'; word_count: could not parse integer: 'lots'
2026-06-10 23:21:08,485 WARNING app.processing.normalize_worker: raw_document 10041 (external_id=doc-000182): published_at: could not parse date: '2023-13-45'; tags: tags list contained non-string elements, which were dropped
2026-06-10 23:21:08,485 WARNING app.processing.normalize_worker: raw_document 10043 (external_id=doc-000184): updated_at: could not parse date: 'invalid-date'
2026-06-10 23:21:08,485 WARNING app.processing.normalize_worker: raw_document 10045 (external_id=doc-000186): tags: tags list contained non-string elements, which were dropped
2026-06-10 23:21:08,486 WARNING app.processing.normalize_worker: raw_document 10052 (external_id=doc-000195): relevance_score: could not parse float: 'high'
2026-06-10 23:21:08,486 WARNING app.processing.normalize_worker: raw_document 10053 (external_id=doc-000197): word_count: could not parse integer: 'lots'
2026-06-10 23:21:08,487 WARNING app.processing.normalize_worker: raw_document 10066 (external_id=doc-000210): tags: unexpected type for tags: int: 123
2026-06-10 23:21:08,487 WARNING app.processing.normalize_worker: raw_document 10071 (external_id=doc-000216): tags: tags list contained non-string elements, which were dropped
2026-06-10 23:21:08,488 WARNING app.processing.normalize_worker: raw_document 10074 (external_id=doc-000219): published_at: could not parse date: 'invalid-date'
2026-06-10 23:21:08,488 WARNING app.processing.normalize_worker: raw_document 10078 (external_id=doc-000224): published_at: could not parse date: '2023-13-45'
2026-06-10 23:21:08,488 WARNING app.processing.normalize_worker: raw_document 10080 (external_id=doc-000226): published_at: could not parse date: 'invalid-date'
2026-06-10 23:21:08,488 WARNING app.processing.normalize_worker: raw_document 10082 (external_id=doc-000228): updated_at: could not parse date: '2023-13-45'; relevance_score: could not parse float: 'high'
2026-06-10 23:21:08,488 WARNING app.processing.normalize_worker: raw_document 10083 (external_id=doc-000229): tags: unexpected type for tags: int: 123
2026-06-10 23:21:08,489 WARNING app.processing.normalize_worker: raw_document 10086 (external_id=doc-000232): tags: tags list contained non-string elements, which were dropped
2026-06-10 23:21:08,489 WARNING app.processing.normalize_worker: raw_document 10089 (external_id=None): relevance_score: could not parse float: 'high'
2026-06-10 23:21:08,489 WARNING app.processing.normalize_worker: raw_document 10090 (external_id=doc-000236): published_at: could not parse date: 'invalid-date'; updated_at: could not parse date: 'invalid-date'; status: unrecognized status: ''
2026-06-10 23:21:08,490 WARNING app.processing.normalize_worker: raw_document 10095 (external_id=doc-000241): word_count: could not parse integer: 'lots'
2026-06-10 23:21:08,490 WARNING app.processing.normalize_worker: raw_document 10096 (external_id=doc-000242): relevance_score: could not parse float: 'high'
2026-06-10 23:21:08,490 WARNING app.processing.normalize_worker: raw_document 10098 (external_id=doc-000244): published_at: could not parse date: 'invalid-date'
2026-06-10 23:21:08,490 WARNING app.processing.normalize_worker: raw_document 10100 (external_id=doc-000246): published_at: could not parse date: 'invalid-date'
2026-06-10 23:21:08,490 WARNING app.processing.normalize_worker: raw_document 10103 (external_id=doc-000250): citation_count: could not parse integer: 'many'
2026-06-10 23:21:08,491 WARNING app.processing.normalize_worker: raw_document 10104 (external_id=doc-000252): word_count: could not parse integer: 'lots'; relevance_score: could not parse float: 'high'
2026-06-10 23:21:08,491 WARNING app.processing.normalize_worker: raw_document 10108 (external_id=doc-000257): updated_at: could not parse date: 'invalid-date'; word_count: could not parse integer: 'lots'
2026-06-10 23:21:08,492 WARNING app.processing.normalize_worker: raw_document 10120 (external_id=doc-000270): published_at: could not parse date: 'invalid-date'
2026-06-10 23:21:08,493 WARNING app.processing.normalize_worker: raw_document 10125 (external_id=None): published_at: could not parse date: 'invalid-date'
2026-06-10 23:21:08,493 WARNING app.processing.normalize_worker: raw_document 10126 (external_id=doc-000277): citation_count: could not parse integer: 'many'
2026-06-10 23:21:08,494 WARNING app.processing.normalize_worker: raw_document 10136 (external_id=doc-000287): citation_count: could not parse integer: 'many'
2026-06-10 23:21:08,494 WARNING app.processing.normalize_worker: raw_document 10138 (external_id=doc-000289): citation_count: could not parse integer: 'many'
2026-06-10 23:21:08,494 WARNING app.processing.normalize_worker: raw_document 10143 (external_id=doc-000295): updated_at: could not parse date: 'invalid-date'
2026-06-10 23:21:08,495 WARNING app.processing.normalize_worker: raw_document 10146 (external_id=doc-000298): status: unrecognized status: ''
2026-06-10 23:21:08,495 WARNING app.processing.normalize_worker: raw_document 10148 (external_id=doc-000300): tags: unexpected type for tags: int: 123
2026-06-10 23:21:08,495 WARNING app.processing.normalize_worker: raw_document 10149 (external_id=doc-000301): status: unrecognized status: ''
2026-06-10 23:21:08,495 WARNING app.processing.normalize_worker: raw_document 10151 (external_id=doc-000303): citation_count: could not parse integer: 'many'
2026-06-10 23:21:08,495 WARNING app.processing.normalize_worker: raw_document 10152 (external_id=doc-000304): status: unrecognized status: ''
2026-06-10 23:21:08,496 WARNING app.processing.normalize_worker: raw_document 10155 (external_id=doc-000307): tags: tags list contained non-string elements, which were dropped
2026-06-10 23:21:08,496 WARNING app.processing.normalize_worker: raw_document 10156 (external_id=doc-000309): published_at: could not parse date: 'invalid-date'; updated_at: could not parse date: 'invalid-date'; relevance_score: could not parse float: 'high'
2026-06-10 23:21:08,496 WARNING app.processing.normalize_worker: raw_document 10157 (external_id=doc-000310): published_at: could not parse date: 'invalid-date'
2026-06-10 23:21:08,496 WARNING app.processing.normalize_worker: raw_document 10159 (external_id=doc-000313): published_at: could not parse date: 'invalid-date'
2026-06-10 23:21:08,496 WARNING app.processing.normalize_worker: raw_document 10161 (external_id=doc-000315): citation_count: could not parse integer: 'many'; tags: tags list contained non-string elements, which were dropped
2026-06-10 23:21:08,497 WARNING app.processing.normalize_worker: raw_document 10162 (external_id=doc-000316): published_at: could not parse date: '2023-13-45'
2026-06-10 23:21:08,497 WARNING app.processing.normalize_worker: raw_document 10163 (external_id=doc-000317): word_count: could not parse integer: 'lots'
2026-06-10 23:21:08,497 WARNING app.processing.normalize_worker: raw_document 10167 (external_id=doc-000321): word_count: could not parse integer: 'lots'
2026-06-10 23:21:08,497 WARNING app.processing.normalize_worker: raw_document 10168 (external_id=doc-000322): published_at: could not parse date: 'invalid-date'; tags: unexpected type for tags: int: 123
2026-06-10 23:21:08,498 WARNING app.processing.normalize_worker: raw_document 10173 (external_id=doc-000327): published_at: could not parse date: 'invalid-date'; updated_at: could not parse date: '2023-13-45'
2026-06-10 23:21:08,498 WARNING app.processing.normalize_worker: raw_document 10176 (external_id=doc-000330): status: unrecognized status: ''
2026-06-10 23:21:08,499 WARNING app.processing.normalize_worker: raw_document 10181 (external_id=doc-000336): published_at: could not parse date: 'invalid-date'; word_count: could not parse integer: 'lots'
2026-06-10 23:21:08,499 WARNING app.processing.normalize_worker: raw_document 10187 (external_id=doc-000342): published_at: could not parse date: 'invalid-date'
2026-06-10 23:21:08,499 WARNING app.processing.normalize_worker: raw_document 10189 (external_id=doc-000344): status: unrecognized status: ''
2026-06-10 23:21:08,500 WARNING app.processing.normalize_worker: raw_document 10197 (external_id=doc-000352): published_at: could not parse date: 'invalid-date'; relevance_score: could not parse float: 'high'
2026-06-10 23:21:08,501 WARNING app.processing.normalize_worker: raw_document 10199 (external_id=doc-000354): updated_at: could not parse date: 'invalid-date'; tags: tags list contained non-string elements, which were dropped
2026-06-10 23:21:08,502 WARNING app.processing.normalize_worker: raw_document 10213 (external_id=doc-000368): status: unrecognized status: ''
2026-06-10 23:21:08,502 WARNING app.processing.normalize_worker: raw_document 10214 (external_id=doc-000369): status: unrecognized status: ''; tags: tags list contained non-string elements, which were dropped
2026-06-10 23:21:08,502 WARNING app.processing.normalize_worker: raw_document 10216 (external_id=doc-000372): updated_at: could not parse date: 'invalid-date'
2026-06-10 23:21:08,502 WARNING app.processing.normalize_worker: raw_document 10222 (external_id=doc-000380): status: unrecognized status: ''
2026-06-10 23:21:08,503 WARNING app.processing.normalize_worker: raw_document 10223 (external_id=doc-000381): published_at: could not parse date: '2023-13-45'
2026-06-10 23:21:08,503 WARNING app.processing.normalize_worker: raw_document 10224 (external_id=doc-000382): published_at: could not parse date: '2023-13-45'
2026-06-10 23:21:08,503 WARNING app.processing.normalize_worker: raw_document 10227 (external_id=doc-000385): tags: unexpected type for tags: int: 123
2026-06-10 23:21:08,503 WARNING app.processing.normalize_worker: raw_document 10228 (external_id=doc-000386): published_at: could not parse date: 'invalid-date'
2026-06-10 23:21:08,504 WARNING app.processing.normalize_worker: raw_document 10233 (external_id=doc-000391): published_at: could not parse date: '2023-13-45'
2026-06-10 23:21:08,504 WARNING app.processing.normalize_worker: raw_document 10237 (external_id=395): word_count: could not parse integer: 'lots'
2026-06-10 23:21:08,504 WARNING app.processing.normalize_worker: raw_document 10240 (external_id=doc-000398): status: unrecognized status: ''; tags: tags list contained non-string elements, which were dropped
2026-06-10 23:21:08,505 WARNING app.processing.normalize_worker: raw_document 10248 (external_id=None): status: unrecognized status: ''
2026-06-10 23:21:08,505 WARNING app.processing.normalize_worker: raw_document 10253 (external_id=doc-000413): published_at: could not parse date: 'invalid-date'
2026-06-10 23:21:08,506 WARNING app.processing.normalize_worker: raw_document 10255 (external_id=None): updated_at: could not parse date: '2023-13-45'
2026-06-10 23:21:08,506 WARNING app.processing.normalize_worker: raw_document 10256 (external_id=None): tags: unexpected type for tags: int: 123
2026-06-10 23:21:08,506 WARNING app.processing.normalize_worker: raw_document 10259 (external_id=doc-000420): published_at: could not parse date: 'invalid-date'
2026-06-10 23:21:08,506 WARNING app.processing.normalize_worker: raw_document 10261 (external_id=doc-000422): updated_at: could not parse date: 'invalid-date'
2026-06-10 23:21:08,506 WARNING app.processing.normalize_worker: raw_document 10262 (external_id=doc-000423): published_at: could not parse date: '2023-13-45'
2026-06-10 23:21:08,507 WARNING app.processing.normalize_worker: raw_document 10265 (external_id=doc-000426): updated_at: could not parse date: 'invalid-date'
2026-06-10 23:21:08,507 WARNING app.processing.normalize_worker: raw_document 10266 (external_id=doc-000427): published_at: could not parse date: '2023-13-45'; word_count: could not parse integer: 'lots'
2026-06-10 23:21:08,507 WARNING app.processing.normalize_worker: raw_document 10267 (external_id=doc-000428): published_at: could not parse date: 'invalid-date'
2026-06-10 23:21:08,507 WARNING app.processing.normalize_worker: raw_document 10269 (external_id=doc-000430): citation_count: could not parse integer: 'many'
2026-06-10 23:21:08,507 WARNING app.processing.normalize_worker: raw_document 10272 (external_id=doc-000433): updated_at: could not parse date: '2023-13-45'; status: unrecognized status: ''
2026-06-10 23:21:08,508 WARNING app.processing.normalize_worker: raw_document 10274 (external_id=doc-000436): updated_at: could not parse date: 'invalid-date'; citation_count: could not parse integer: 'many'; tags: unexpected type for tags: int: 123
2026-06-10 23:21:08,508 WARNING app.processing.normalize_worker: raw_document 10275 (external_id=doc-000437): word_count: could not parse integer: 'lots'
2026-06-10 23:21:08,508 WARNING app.processing.normalize_worker: raw_document 10280 (external_id=doc-000442): status: unrecognized status: ''
2026-06-10 23:21:08,508 WARNING app.processing.normalize_worker: raw_document 10281 (external_id=doc-000443): updated_at: could not parse date: '2023-13-45'
2026-06-10 23:21:08,509 WARNING app.processing.normalize_worker: raw_document 10283 (external_id=None): updated_at: could not parse date: '2023-13-45'
2026-06-10 23:21:08,509 WARNING app.processing.normalize_worker: raw_document 10285 (external_id=doc-000448): published_at: could not parse date: '2023-13-45'
2026-06-10 23:21:08,509 WARNING app.processing.normalize_worker: raw_document 10286 (external_id=doc-000449): tags: tags list contained non-string elements, which were dropped
2026-06-10 23:21:08,509 WARNING app.processing.normalize_worker: raw_document 10292 (external_id=doc-000456): relevance_score: could not parse float: 'high'
2026-06-10 23:21:08,510 WARNING app.processing.normalize_worker: raw_document 10297 (external_id=doc-000461): status: unrecognized status: ''
2026-06-10 23:21:08,510 WARNING app.processing.normalize_worker: raw_document 10304 (external_id=doc-000469): status: unrecognized status: ''
2026-06-10 23:21:08,511 WARNING app.processing.normalize_worker: raw_document 10308 (external_id=doc-000473): published_at: could not parse date: 'invalid-date'
2026-06-10 23:21:08,511 WARNING app.processing.normalize_worker: raw_document 10310 (external_id=doc-000475): tags: tags list contained non-string elements, which were dropped
2026-06-10 23:21:08,511 WARNING app.processing.normalize_worker: raw_document 10312 (external_id=doc-000477): published_at: could not parse date: '2023-13-45'
2026-06-10 23:21:08,511 WARNING app.processing.normalize_worker: raw_document 10313 (external_id=doc-000478): status: unrecognized status: ''
2026-06-10 23:21:08,512 WARNING app.processing.normalize_worker: raw_document 10316 (external_id=doc-000482): tags: tags list contained non-string elements, which were dropped
2026-06-10 23:21:08,514 WARNING app.processing.normalize_worker: raw_document 10320 (external_id=doc-000486): relevance_score: could not parse float: 'high'
2026-06-10 23:21:08,514 WARNING app.processing.normalize_worker: raw_document 10326 (external_id=doc-000492): tags: unexpected type for tags: int: 123
2026-06-10 23:21:08,515 WARNING app.processing.normalize_worker: raw_document 10330 (external_id=doc-000496): status: unrecognized status: ''
2026-06-10 23:21:08,604 INFO app.processing.normalize_worker: stage 1: normalized 462 raw documents (remaining=0)
2026-06-10 23:21:08,604 INFO app.services.ingestion_service: app.processing.normalize_worker: processed=462 remaining=0
2026-06-10 23:21:09,981 INFO app.processing.duplicates_worker: stage 2: processed 462 documents (remaining=0)
2026-06-10 23:21:09,982 INFO app.services.ingestion_service: app.processing.duplicates_worker: processed=462 remaining=0
2026-06-10 23:21:10,026 INFO app.processing.scoring_worker: stage 3: scored 462 documents (remaining=0)
2026-06-10 23:21:10,026 INFO app.services.ingestion_service: app.processing.scoring_worker: processed=462 remaining=0
2026-06-10 23:21:10,036 INFO app.services.ingestion_service: run 5: FINAL SUMMARY - total_lines=500 raw_loaded=462 skipped=38 normalized=462 duplicates=374 scored=462 elapsed=2.03s
2026-06-10 23:21:10,036 INFO app.services.ingestion_service: run 5: pipeline completed
